// Jest Snapshot v1, https://goo.gl/fbAQLP

exports[`Author renders correctly 1`] = `
<div
  className="author"
>
  <a
    href="/"
  >
    <img
      alt="test"
      className="author__image"
      height="75"
      src="/logo.jpg"
      width="75"
    />
  </a>
    test
  </p>
</div>
`;
